Flow report for de0Board
Thu Jan 29 16:35:57 2026
Quartus Prime Version 25.1std.0 Build 1129 10/21/2025 SC Standard Edition


---------------------
; Table of Contents ;
---------------------
  1. Legal Notice
  2. Flow Summary
  3. Flow Settings
  4. Flow Non-Default Global Settings
  5. Flow Elapsed Time
  6. Flow OS Summary
  7. Flow Log
  8. Flow Messages
  9. Flow Suppressed Messages



----------------
; Legal Notice ;
----------------
Copyright (C) 2025  Altera Corporation. All rights reserved.
Your use of Altera Corporation's design tools, logic functions 
and other software and tools, and any partner logic 
functions, and any output files from any of the foregoing 
(including device programming or simulation files), and any 
associated documentation or information are expressly subject 
to the terms and conditions of the Altera Program License 
Subscription Agreement, the Altera Quartus Prime License Agreement,
the Altera IP License Agreement, or other applicable license
agreement, including, without limitation, that your use is for
the sole purpose of programming logic devices manufactured by
Altera and sold by Altera or its authorized distributors.  Please
refer to the Altera Software License Subscription Agreements 
on the Quartus Prime software download page.



+------------------------------------------------------------------------------------------+
; Flow Summary                                                                             ;
+------------------------------------+-----------------------------------------------------+
; Flow Status                        ; Successful - Thu Jan 29 16:35:57 2026               ;
; Quartus Prime Version              ; 25.1std.0 Build 1129 10/21/2025 SC Standard Edition ;
; Revision Name                      ; de0Board                                            ;
; Top-level Entity Name              ; de0Board                                            ;
; Family                             ; Cyclone IV E                                        ;
; Device                             ; EP4CE22F17C6                                        ;
; Timing Models                      ; Final                                               ;
; Total logic elements               ; 967 / 22,320 ( 4 % )                                ;
;     Total combinational functions  ; 864 / 22,320 ( 4 % )                                ;
;     Dedicated logic registers      ; 309 / 22,320 ( 1 % )                                ;
; Total registers                    ; 309                                                 ;
; Total pins                         ; 15 / 154 ( 10 % )                                   ;
; Total virtual pins                 ; 0                                                   ;
; Total memory bits                  ; 67,584 / 608,256 ( 11 % )                           ;
; Embedded Multiplier 9-bit elements ; 0 / 132 ( 0 % )                                     ;
; Total PLLs                         ; 1 / 4 ( 25 % )                                      ;
+------------------------------------+-----------------------------------------------------+


+-----------------------------------------+
; Flow Settings                           ;
+-------------------+---------------------+
; Option            ; Setting             ;
+-------------------+---------------------+
; Start date & time ; 01/29/2026 16:35:27 ;
; Main task         ; Compilation         ;
; Revision Name     ; de0Board            ;
+-------------------+---------------------+


+------------------------------------------------------------------------------------------------------------------------------+
; Flow Non-Default Global Settings                                                                                             ;
+--------------------------------------+----------------------------------------+---------------+-------------+----------------+
; Assignment Name                      ; Value                                  ; Default Value ; Entity Name ; Section Id     ;
+--------------------------------------+----------------------------------------+---------------+-------------+----------------+
; COMPILER_SIGNATURE_ID                ; 251053333375762.176970092746618        ; --            ; --          ; --             ;
; EDA_GENERATE_FUNCTIONAL_NETLIST      ; Off                                    ; --            ; --          ; eda_simulation ;
; EDA_NETLIST_WRITER_OUTPUT_DIR        ; sim/xcelium                            ; --            ; --          ; eda_simulation ;
; EDA_OUTPUT_DATA_FORMAT               ; Verilog Hdl                            ; --            ; --          ; eda_simulation ;
; EDA_SIMULATION_TOOL                  ; Xcelium (Verilog)                      ; <None>        ; --          ; --             ;
; EDA_TIME_SCALE                       ; 1 ps                                   ; --            ; --          ; eda_simulation ;
; MAX_CORE_JUNCTION_TEMP               ; 85                                     ; --            ; --          ; --             ;
; MIN_CORE_JUNCTION_TEMP               ; 0                                      ; --            ; --          ; --             ;
; MISC_FILE                            ; memory/ram10x32_inst.vhd               ; --            ; --          ; --             ;
; MISC_FILE                            ; memory/ram10x32.cmp                    ; --            ; --          ; --             ;
; MISC_FILE                            ; memory/rom10x32_inst.vhd               ; --            ; --          ; --             ;
; MISC_FILE                            ; memory/rom10x32.cmp                    ; --            ; --          ; --             ;
; MISC_FILE                            ; cDisplay/pll/pllClk_inst.vhd           ; --            ; --          ; --             ;
; MISC_FILE                            ; cDisplay/pll/pllClk.cmp                ; --            ; --          ; --             ;
; MISC_FILE                            ; cDisplay/pll/pllClk.ppf                ; --            ; --          ; --             ;
; PARTITION_COLOR                      ; -- (Not supported for targeted family) ; --            ; --          ; Top            ;
; PARTITION_FITTER_PRESERVATION_LEVEL  ; -- (Not supported for targeted family) ; --            ; --          ; Top            ;
; PARTITION_NETLIST_TYPE               ; -- (Not supported for targeted family) ; --            ; --          ; Top            ;
; POWER_BOARD_THERMAL_MODEL            ; None (CONSERVATIVE)                    ; --            ; --          ; --             ;
; POWER_PRESET_COOLING_SOLUTION        ; 23 MM HEAT SINK WITH 200 LFPM AIRFLOW  ; --            ; --          ; --             ;
; PROJECT_OUTPUT_DIRECTORY             ; qOutput                                ; --            ; --          ; --             ;
; TIMING_ANALYZER_MULTICORNER_ANALYSIS ; Off                                    ; On            ; --          ; --             ;
+--------------------------------------+----------------------------------------+---------------+-------------+----------------+


+--------------------------------------------------------------------------------------------------------------------------+
; Flow Elapsed Time                                                                                                        ;
+----------------------+--------------+-------------------------+---------------------+------------------------------------+
; Module Name          ; Elapsed Time ; Average Processors Used ; Peak Virtual Memory ; Total CPU Time (on all processors) ;
+----------------------+--------------+-------------------------+---------------------+------------------------------------+
; Analysis & Synthesis ; 00:00:13     ; 1.0                     ; 477 MB              ; 00:00:16                           ;
; Fitter               ; 00:00:07     ; 1.1                     ; 1124 MB             ; 00:00:07                           ;
; Assembler            ; 00:00:01     ; 1.0                     ; 363 MB              ; 00:00:01                           ;
; Timing Analyzer      ; 00:00:01     ; 1.2                     ; 419 MB              ; 00:00:01                           ;
; EDA Netlist Writer   ; 00:00:01     ; 1.0                     ; 604 MB              ; 00:00:01                           ;
; Total                ; 00:00:23     ; --                      ; --                  ; 00:00:26                           ;
+----------------------+--------------+-------------------------+---------------------+------------------------------------+


+---------------------------------------------------------------------------------+
; Flow OS Summary                                                                 ;
+----------------------+------------------+---------+------------+----------------+
; Module Name          ; Machine Hostname ; OS Name ; OS Version ; Processor type ;
+----------------------+------------------+---------+------------+----------------+
; Analysis & Synthesis ; tams199          ; Ubuntu  ; 20         ; x86_64         ;
; Fitter               ; tams199          ; Ubuntu  ; 20         ; x86_64         ;
; Assembler            ; tams199          ; Ubuntu  ; 20         ; x86_64         ;
; Timing Analyzer      ; tams199          ; Ubuntu  ; 20         ; x86_64         ;
; EDA Netlist Writer   ; tams199          ; Ubuntu  ; 20         ; x86_64         ;
+----------------------+------------------+---------+------------+----------------+


------------
; Flow Log ;
------------
quartus_map --read_settings_files=on --write_settings_files=off de0Board -c de0Board
quartus_fit --read_settings_files=off --write_settings_files=off de0Board -c de0Board
quartus_asm --read_settings_files=off --write_settings_files=off de0Board -c de0Board
quartus_sta de0Board -c de0Board
quartus_eda --read_settings_files=off --write_settings_files=off de0Board -c de0Board



